! fix node at origin in all 3 dirs
nsel,s,loc,y,0
nsel,r,loc,x,0
nsel,r,loc,z,0
d,all,all,0

!/eof
nsel,s,loc,x,0
d,all,ux,0


nsel,s,loc,y,0
d,all,uy,0

nsel,s,loc,z,0
d,all,uz,0

alls

nsel,s,loc,x,a_c
CP,1,UX,all


alls



nsel,s,loc,y,b_c
CP,2,UY,all

alls

nsel,s,loc,z,d_c
CP,3,UZ,all
 
alls